// Jest Snapshot v1, https://goo.gl/fbAQLP

exports[`<Home /> renders 1`] = `
<section>
  <h2>
    This is a blog all about awesome Redux is
  </h2>
  <p>
    It's obviously the best state management system
  </p>
</section>
`;
