// Jest Snapshot v1, https://goo.gl/fbAQLP

exports[`<PostDetail /> renders 1`] = `
<div>
  <p>
    id: 
    1
  </p>
  <p>
    userId: 
    1
  </p>
  <p>
    title: 
    sunt aut facere repellat provident occaecati excepturi optio reprehenderit
  </p>
  <p>
    body: 
    quia et suscipit
suscipit recusandae consequuntur expedita et cum
reprehenderit molestiae ut ut quas totam
nostrum rerum est autem sunt rem eveniet architecto
  </p>
</div>
`;
